2019-04-24 16:03:50,221 ERROR UserRestController:33 ----------------------error
